<?xml version="1.0" encoding="UTF-8"?>
<dataset>
    <users user_id = '1' account_id = '1' firstName = 'Carmine' lastName = 'La Torraca' fiscalCode = 'LTRCMSDSDSDCSD12'></users>
</dataset>